// Jest Snapshot v1, https://goo.gl/fbAQLP

exports[`app: GrapeBrowser() should render without props 1`] = `
<div
  className="GrapeBrowser-grapeBrowser-0-1-1"
  data-test="grape-browser"
>
  <div
    className="GrapeBrowser-scroll-0-1-2"
  >
    <div>
      <div
        className="HighlightedInput-container-0-1-13 GrapeInput-container-0-1-5"
        data-test="highlighted-editable"
      >
        <div
          className="HighlightedInput-highlighter-0-1-14 GrapeInput-highlighter-0-1-6"
        >
          <span
            dangerouslySetInnerHTML={
              Object {
                "__html": "",
              }
            }
          />
           
        </div>
        <textarea
          autoFocus={true}
          className="HighlightedInput-editable-0-1-16 GrapeInput-editable-0-1-7 GrapeInput-highlighter-0-1-6"
          data-test="editable"
          disabled={false}
          onBlur={[Function]}
          onChange={[Function]}
          onClick={[Function]}
          onFocus={[Function]}
          onKeyDown={[Function]}
          onScroll={[Function]}
          onSubmit={[Function]}
          placeholder=""
          value=""
        />
      </div>
    </div>
  </div>
</div>
`;
